
> portable-office-cabin-next@0.0.0 build
> next build

   ▲ Next.js 15.5.19
   - Environments: .env
   - Experiments (use with caution):
     · optimizePackageImports

   Creating an optimized production build ...
 ✓ Compiled successfully in 27.7s
   Skipping validation of types
   Skipping linting
   Collecting page data ...
   Generating static pages (0/182) ...
   Generating static pages (45/182) 
   Generating static pages (90/182) 
   Generating static pages (136/182) 
 ✓ Generating static pages (182/182)
   Finalizing page optimization ...
   Collecting build traces ...

Route (app)                                                         Size  First Load JS  Revalidate  Expire
┌ ○ /                                                            5.62 kB         146 kB          1h      1y
├ ○ /_not-found                                                    142 B         103 kB
├ ○ /about-us                                                    1.37 kB         139 kB          1h      1y
├ ƒ /admin                                                       5.63 kB         229 kB
├ ƒ /admin/analytics                                             10.9 kB         236 kB
├ ƒ /admin/appointments                                          11.8 kB         264 kB
├ ƒ /admin/blog                                                  6.38 kB         408 kB
├ ƒ /admin/cabin-quotation                                       58.5 kB         495 kB
├ ƒ /admin/categories                                            7.24 kB         236 kB
├ ƒ /admin/crm                                                     22 kB         271 kB
├ ƒ /admin/customers                                             10.2 kB         228 kB
├ ƒ /admin/enquiries                                             9.04 kB         258 kB
├ ƒ /admin/factory-invoices                                      13.8 kB         360 kB
├ ƒ /admin/inventory                                             6.38 kB         218 kB
├ ƒ /admin/inventory-pro                                           13 kB         571 kB
├ ƒ /admin/inventory-pro/alerts                                   4.4 kB         179 kB
├ ƒ /admin/inventory-pro/factories                               6.87 kB         426 kB
├ ƒ /admin/inventory-pro/gate-pass                               6.45 kB         349 kB
├ ƒ /admin/inventory-pro/inward                                   7.7 kB         222 kB
├ ƒ /admin/inventory-pro/machinery                               12.1 kB         227 kB
├ ƒ /admin/inventory-pro/materials                               8.28 kB         448 kB
├ ƒ /admin/inventory-pro/outward                                  6.7 kB         221 kB
├ ƒ /admin/inventory-pro/production                              8.22 kB         223 kB
├ ƒ /admin/inventory-pro/projects                                2.84 kB         240 kB
├ ƒ /admin/inventory-pro/purchase-orders                         6.75 kB         221 kB
├ ƒ /admin/inventory-pro/rentals                                 3.86 kB         232 kB
├ ƒ /admin/inventory-pro/reports                                 8.91 kB         426 kB
├ ƒ /admin/inventory-pro/scanner                                  112 kB         287 kB
├ ƒ /admin/inventory-pro/scrap                                   6.34 kB         221 kB
├ ƒ /admin/inventory-pro/transfers                               6.29 kB         221 kB
├ ƒ /admin/inventory-pro/work-orders                             2.91 kB         240 kB
├ ƒ /admin/labour-colony-quotation                               19.5 kB         335 kB
├ ƒ /admin/login                                                 6.19 kB         170 kB
├ ƒ /admin/orders                                                6.82 kB         256 kB
├ ƒ /admin/parties                                               15.5 kB         499 kB
├ ƒ /admin/pipeline                                              4.84 kB         223 kB
├ ƒ /admin/products                                              21.3 kB         433 kB
├ ƒ /admin/quotation-pro                                           42 kB         433 kB
├ ƒ /admin/rental-contracts                                      14.5 kB         498 kB
├ ƒ /admin/reviews                                               8.68 kB         183 kB
├ ƒ /admin/sales                                                 11.1 kB         385 kB
├ ƒ /admin/settings                                              6.45 kB         218 kB
├ ƒ /admin/setup                                                 5.57 kB         193 kB
├ ƒ /admin/specifications                                        26.8 kB         367 kB
├ ƒ /admin/suppliers                                             5.56 kB         231 kB
├ ƒ /auth/callback                                                 142 B         103 kB
├ ○ /blog                                                        8.79 kB         220 kB          1d      1y
├ ● /blog/[slug]                                                 2.89 kB         150 kB
├ ○ /blog/labour-shed-prefabricated-structures                   2.79 kB         146 kB          1d      1y
├ ○ /blog/ms-portable-cabin-durable-mild-steel-modular-building  1.96 kB         139 kB          1d      1y
├ ○ /blog/porta-cabins-on-rent                                   2.22 kB         140 kB          1d      1y
├ ○ /blog/portable-cabin-manufacturers-in-bangalore              4.26 kB         144 kB          1d      1y
├ ○ /blog/prefabricated-labor-colony-bengaluru                   2.24 kB         140 kB          1d      1y
├ ○ /book-appointment                                            11.2 kB         256 kB          1h      1y
├ ○ /careers                                                     7.15 kB         148 kB          1h      1y
├ ƒ /cart                                                        4.03 kB         145 kB
├ ƒ /checkout                                                     5.8 kB         211 kB
├ ○ /contact                                                     20.8 kB         259 kB          1h      1y
├ ○ /faq                                                           10 kB         153 kB          1h      1y
├ ƒ /forgot-password                                                5 kB         210 kB
├ ○ /gallery                                                     8.23 kB         149 kB          1h      1y
├ ƒ /login                                                       5.14 kB         146 kB
├ ○ /marketplace                                                 7.42 kB         153 kB          1h      1y
├ ƒ /my-account                                                  9.08 kB         255 kB
├ ƒ /my-account/orders                                           5.48 kB         210 kB
├ ○ /privacy-policy                                              5.41 kB         146 kB          1h      1y
├ ○ /products                                                      219 B         180 kB          1h      1y
├ ● /products/[slug]                                             15.2 kB         248 kB         30m      1y
├   ├ /products/executive-portable-cabin-20ft                                                   30m      1y
├   ├ /products/standard-site-office-container                                                  30m      1y
├   ├ /products/modern-container-office                                                         30m      1y
├   └ [+36 more paths]
├ ● /products/category/[slug]                                      220 B         180 kB         30m      1y
├   ├ /products/category/portable-cabins                                                        30m      1y
├   ├ /products/category/site-office-containers                                                 30m      1y
├   ├ /products/category/container-offices                                                      30m      1y
├   └ [+12 more paths]
├ ○ /promotions                                                  1.37 kB         139 kB
├ ● /promotions/[slug]                                           3.94 kB         150 kB
├   ├ /promotions/portable-cabin-in-tamil-nadu
├   ├ /promotions/portable-cabin-in-kerala
├   ├ /promotions/portable-cabin-in-chennai
├   └ [+97 more paths]
├ ○ /refund-policy                                               5.89 kB         146 kB          1h      1y
├ ƒ /register                                                    7.34 kB         212 kB
├ ○ /rental-service                                              9.81 kB         227 kB          1h      1y
├ ƒ /reset-password                                              5.25 kB         210 kB
├ ○ /robots.txt                                                    142 B         103 kB
├ ○ /shipping                                                    5.95 kB         147 kB          1h      1y
├ ○ /sitemap.xml                                                   142 B         103 kB
├ ○ /terms-and-conditions                                         5.7 kB         146 kB          1h      1y
└ ○ /warranty                                                    4.62 kB         145 kB          1h      1y
+ First Load JS shared by all                                     103 kB
  ├ chunks/1255-aa50074201738b10.js                                46 kB
  ├ chunks/4bd1b696-100b9d70ed4e49c1.js                          54.2 kB
  └ other shared chunks (total)                                  2.45 kB


ƒ Middleware                                                     90.6 kB

○  (Static)   prerendered as static content
●  (SSG)      prerendered as static HTML (uses generateStaticParams)
ƒ  (Dynamic)  server-rendered on demand

